error: unsupported operation: `extern type` does not have a known offset
  --> $DIR/extern-type-field-offset.rs:LL:CC
   |
LL |     let _field = &x.a;
   |                  ^^^^ `extern type` does not have a known offset
   |
   = help: this is likely not a bug in the program; it indicates that the program performed an operation that Miri does not support
   = help: if this is a basic API commonly used on this target, please report an issue; but note that Miri does not aim to support every FFI function out there
   = note: BACKTRACE:
   = note: inside `main` at $DIR/extern-type-field-offset.rs:LL:CC

note: some details are omitted, run with `MIRIFLAGS=-Zmiri-backtrace=full` for a verbose backtrace

error: aborting due to 1 previous error

