error: unsupported operation: extern static `_dispatch_queue_attr_concurrent` is not supported by Miri
  --> $DIR/issue-miri-3288-ice-symbolic-alignment-extern-static.rs:LL:CC
   |
LL |     let _val = *DISPATCH_QUEUE_CONCURRENT;
   |                 ^^^^^^^^^^^^^^^^^^^^^^^^^ extern static `_dispatch_queue_attr_concurrent` is not supported by Miri
   |
   = help: this is likely not a bug in the program; it indicates that the program performed an operation that Miri does not support
   = help: if this is a basic API commonly used on this target, please report an issue; but note that Miri does not aim to support every FFI function out there
   = note: BACKTRACE:
   = note: inside `main` at $DIR/issue-miri-3288-ice-symbolic-alignment-extern-static.rs:LL:CC

note: some details are omitted, run with `MIRIFLAGS=-Zmiri-backtrace=full` for a verbose backtrace

error: aborting due to 1 previous error

