error: unsupported operation: can't call foreign function `foo` on $OS
  --> $DIR/function_not_in_so.rs:LL:CC
   |
LL |         foo();
   |         ^^^^^ can't call foreign function `foo` on $OS
   |
   = help: this is likely not a bug in the program; it indicates that the program performed an operation that Miri does not support
   = help: if this is a basic API commonly used on this target, please report an issue; but note that Miri does not aim to support every FFI function out there
   = note: BACKTRACE:
   = note: inside `main` at $DIR/function_not_in_so.rs:LL:CC

note: some details are omitted, run with `MIRIFLAGS=-Zmiri-backtrace=full` for a verbose backtrace

error: aborting due to 1 previous error

