error: unsupported operation: `miri_promise_symbolic_alignment`: pointer is not actually aligned
  --> $DIR/promise_alignment.rs:LL:CC
   |
LL |         unsafe { utils::miri_promise_symbolic_alignment(align8.add(1).cast(), 8) };
   |                  ^^^^^^^^^^^^^^^^^^^^^^^^^^^^^^^^^^^^^^^^^^^^^^^^^^^^^^^^^^^^^^^ `miri_promise_symbolic_alignment`: pointer is not actually aligned
   |
   = help: this is likely not a bug in the program; it indicates that the program performed an operation that Miri does not support
   = help: if this is a basic API commonly used on this target, please report an issue; but note that Miri does not aim to support every FFI function out there
   = note: BACKTRACE:
   = note: inside `main` at $DIR/promise_alignment.rs:LL:CC

note: some details are omitted, run with `MIRIFLAGS=-Zmiri-backtrace=full` for a verbose backtrace

error: aborting due to 1 previous error

