error: unsupported operation: can't call foreign function `__rust_alloc` on $OS
  --> $DIR/no_global_allocator.rs:LL:CC
   |
LL |         __rust_alloc(1, 1);
   |         ^^^^^^^^^^^^^^^^^^ can't call foreign function `__rust_alloc` on $OS
   |
   = help: this is likely not a bug in the program; it indicates that the program performed an operation that Miri does not support
   = help: if this is a basic API commonly used on this target, please report an issue; but note that Miri does not aim to support every FFI function out there
   = note: BACKTRACE:
   = note: inside `start` at $DIR/no_global_allocator.rs:LL:CC

error: aborting due to 1 previous error

